// Jest Snapshot v1, https://goo.gl/fbAQLP

exports[`renders OnboardingSlide 1`] = `
<View
  style={
    Object {
      "flex": 1,
    }
  }
>
  <View
    pointerEvents="box-none"
    style={
      Array [
        Object {
          "zIndex": 1,
        },
        false,
      ]
    }
  >
    <View
      accessibilityElementsHidden={false}
      importantForAccessibility="auto"
      onLayout={[Function]}
      pointerEvents="box-none"
      style={null}
    >
      <View
        pointerEvents="box-none"
        style={
          Object {
            "bottom": 0,
            "left": 0,
            "opacity": 1,
            "position": "absolute",
            "right": 0,
            "top": 0,
            "zIndex": 0,
          }
        }
      >
        <View
          style={
            Object {
              "backgroundColor": "rgb(255, 255, 255)",
              "borderBottomColor": "rgb(216, 216, 216)",
              "flex": 1,
              "shadowColor": "rgb(216, 216, 216)",
              "shadowOffset": Object {
                "height": 0.5,
                "width": 0,
              },
              "shadowOpacity": 0.85,
              "shadowRadius": 0,
            }
          }
        />
      </View>
      <View
        pointerEvents="box-none"
        style={
          Object {
            "height": 44,
            "maxHeight": undefined,
            "minHeight": undefined,
            "opacity": undefined,
            "transform": undefined,
          }
        }
      >
        <View
          pointerEvents="none"
          style={
            Object {
              "height": 0,
            }
          }
        />
        <View
          pointerEvents="box-none"
          style={
            Object {
              "alignItems": "center",
              "flex": 1,
              "flexDirection": "row",
              "justifyContent": "center",
            }
          }
        >
          <View
            pointerEvents="box-none"
            style={
              Object {
                "marginHorizontal": 16,
                "opacity": 1,
              }
            }
          >
            <Text
              accessibilityRole="header"
              numberOfLines={1}
              onLayout={[Function]}
              style={
                Object {
                  "color": "rgb(28, 28, 30)",
                  "fontSize": 17,
                  "fontWeight": "600",
                }
              }
            >
              jest
            </Text>
          </View>
        </View>
      </View>
    </View>
  </View>
  <View
    onLayout={[Function]}
    style={
      Object {
        "flex": 1,
      }
    }
  >
    <View
      pointerEvents="box-none"
      style={
        Object {
          "bottom": 0,
          "left": 0,
          "position": "absolute",
          "right": 0,
          "top": 0,
        }
      }
    >
      <View
        collapsable={false}
        style={
          Object {
            "opacity": 1,
          }
        }
      />
      <View
        accessibilityElementsHidden={false}
        closing={false}
        gestureVelocityImpact={0.3}
        importantForAccessibility="auto"
        onClose={[Function]}
        onGestureBegin={[Function]}
        onGestureCanceled={[Function]}
        onGestureEnd={[Function]}
        onOpen={[Function]}
        onTransitionStart={[Function]}
        pointerEvents="box-none"
        style={
          Object {
            "bottom": 0,
            "left": 0,
            "position": "absolute",
            "right": 0,
            "top": 0,
          }
        }
        transitionSpec={
          Object {
            "close": Object {
              "animation": "spring",
              "config": Object {
                "damping": 500,
                "mass": 3,
                "overshootClamping": true,
                "restDisplacementThreshold": 10,
                "restSpeedThreshold": 10,
                "stiffness": 1000,
              },
            },
            "open": Object {
              "animation": "spring",
              "config": Object {
                "damping": 500,
                "mass": 3,
                "overshootClamping": true,
                "restDisplacementThreshold": 10,
                "restSpeedThreshold": 10,
                "stiffness": 1000,
              },
            },
          }
        }
      >
        <View
          pointerEvents="box-none"
          style={
            Object {
              "flex": 1,
            }
          }
        >
          <View
            collapsable={false}
            forwardedRef={[Function]}
            onGestureHandlerEvent={[Function]}
            onGestureHandlerStateChange={[Function]}
            style={
              Object {
                "flex": 1,
                "transform": Array [
                  Object {
                    "translateX": 0,
                  },
                  Object {
                    "translateX": 0,
                  },
                ],
              }
            }
          >
            <View
              pointerEvents="none"
              style={
                Object {
                  "backgroundColor": "rgb(242, 242, 242)",
                  "bottom": 0,
                  "left": 0,
                  "position": "absolute",
                  "shadowColor": "#000",
                  "shadowOffset": Object {
                    "height": 1,
                    "width": -1,
                  },
                  "shadowOpacity": 0.3,
                  "shadowRadius": 5,
                  "top": 0,
                  "width": 3,
                }
              }
            />
            <View
              style={
                Array [
                  Object {
                    "flex": 1,
                    "overflow": "hidden",
                  },
                  Array [
                    Object {
                      "backgroundColor": "rgb(242, 242, 242)",
                    },
                    undefined,
                  ],
                ]
              }
            >
              <View
                style={
                  Object {
                    "flex": 1,
                    "flexDirection": "column-reverse",
                  }
                }
              >
                <View
                  style={
                    Object {
                      "flex": 1,
                    }
                  }
                >
                  <View
                    style={
                      Object {
                        "marginHorizontal": 16,
                        "marginTop": 733.7,
                      }
                    }
                  >
                    <Text
                      adjustsFontSizeToFit={true}
                      bold={true}
                      numberOfLines={2}
                      style={
                        Array [
                          Object {
                            "backgroundColor": "transparent",
                            "color": "#000000",
                            "fontFamily": "System",
                            "fontSize": 28,
                            "fontWeight": "600",
                            "letterSpacing": 0.355469,
                            "lineHeight": 34,
                          },
                          Array [
                            Object {
                              "color": "rgba(0, 0, 0, 255)",
                            },
                            undefined,
                            undefined,
                          ],
                        ]
                      }
                    >
                      Join Our Social Media
                    </Text>
                    <View
                      style={
                        Object {
                          "marginTop": 46.690000000000005,
                        }
                      }
                    >
                      <View
                        style={
                          Object {
                            "opacity": 0,
                          }
                        }
                      >
                        <View
                          onLayout={[Function]}
                        >
                          <Text
                            numberOfLines={5}
                            style={Object {}}
                          >
                            <Text
                              style={
                                Array [
                                  Object {
                                    "backgroundColor": "transparent",
                                    "color": "#000000",
                                    "fontFamily": "System",
                                    "fontSize": 17,
                                    "fontWeight": "400",
                                    "letterSpacing": -0.408,
                                    "lineHeight": 22,
                                  },
                                  undefined,
                                  Object {
                                    "color": "rgba(0, 0, 0, 255)",
                                  },
                                ]
                              }
                            >
                              <Text
                                style={
                                  Array [
                                    Array [
                                      Object {
                                        "backgroundColor": "transparent",
                                        "color": "#000000",
                                        "fontFamily": "System",
                                        "fontSize": 17,
                                        "fontWeight": "400",
                                        "letterSpacing": -0.408,
                                        "lineHeight": 22,
                                      },
                                      undefined,
                                      Object {
                                        "color": "rgba(0, 0, 0, 255)",
                                      },
                                    ],
                                    undefined,
                                  ]
                                }
                              >
                                Kebetoo is a microblogging app with 
                              </Text>
                              <Text
                                style={
                                  Array [
                                    Array [
                                      Object {
                                        "backgroundColor": "transparent",
                                        "color": "#000000",
                                        "fontFamily": "System",
                                        "fontSize": 17,
                                        "fontWeight": "400",
                                        "letterSpacing": -0.408,
                                        "lineHeight": 22,
                                      },
                                      undefined,
                                      Object {
                                        "color": "rgba(0, 0, 0, 255)",
                                      },
                                    ],
                                    Object {
                                      "backgroundColor": "transparent",
                                      "color": "rgba(0, 0, 0, 255)",
                                      "fontFamily": "System",
                                      "fontSize": 17,
                                      "fontWeight": "600",
                                      "letterSpacing": -0.408,
                                      "lineHeight": 22,
                                    },
                                  ]
                                }
                              >
                                African DNA
                              </Text>
                              <Text
                                style={
                                  Array [
                                    Array [
                                      Object {
                                        "backgroundColor": "transparent",
                                        "color": "#000000",
                                        "fontFamily": "System",
                                        "fontSize": 17,
                                        "fontWeight": "400",
                                        "letterSpacing": -0.408,
                                        "lineHeight": 22,
                                      },
                                      undefined,
                                      Object {
                                        "color": "rgba(0, 0, 0, 255)",
                                      },
                                    ],
                                    undefined,
                                  ]
                                }
                              >
                                . Be one of the first to join the adventure 💪
                              </Text>
                            </Text>
                          </Text>
                        </View>
                        <View
                          onLayout={[Function]}
                          style={
                            Object {
                              "left": 0,
                              "opacity": 0,
                              "position": "absolute",
                              "top": 0,
                            }
                          }
                        >
                          <Text
                            style={Object {}}
                          >
                            <Text
                              style={
                                Array [
                                  Object {
                                    "backgroundColor": "transparent",
                                    "color": "#000000",
                                    "fontFamily": "System",
                                    "fontSize": 17,
                                    "fontWeight": "400",
                                    "letterSpacing": -0.408,
                                    "lineHeight": 22,
                                  },
                                  undefined,
                                  Object {
                                    "color": "rgba(0, 0, 0, 255)",
                                  },
                                ]
                              }
                            >
                              <Text
                                style={
                                  Array [
                                    Array [
                                      Object {
                                        "backgroundColor": "transparent",
                                        "color": "#000000",
                                        "fontFamily": "System",
                                        "fontSize": 17,
                                        "fontWeight": "400",
                                        "letterSpacing": -0.408,
                                        "lineHeight": 22,
                                      },
                                      undefined,
                                      Object {
                                        "color": "rgba(0, 0, 0, 255)",
                                      },
                                    ],
                                    undefined,
                                  ]
                                }
                              >
                                Kebetoo is a microblogging app with 
                              </Text>
                              <Text
                                style={
                                  Array [
                                    Array [
                                      Object {
                                        "backgroundColor": "transparent",
                                        "color": "#000000",
                                        "fontFamily": "System",
                                        "fontSize": 17,
                                        "fontWeight": "400",
                                        "letterSpacing": -0.408,
                                        "lineHeight": 22,
                                      },
                                      undefined,
                                      Object {
                                        "color": "rgba(0, 0, 0, 255)",
                                      },
                                    ],
                                    Object {
                                      "backgroundColor": "transparent",
                                      "color": "rgba(0, 0, 0, 255)",
                                      "fontFamily": "System",
                                      "fontSize": 17,
                                      "fontWeight": "600",
                                      "letterSpacing": -0.408,
                                      "lineHeight": 22,
                                    },
                                  ]
                                }
                              >
                                African DNA
                              </Text>
                              <Text
                                style={
                                  Array [
                                    Array [
                                      Object {
                                        "backgroundColor": "transparent",
                                        "color": "#000000",
                                        "fontFamily": "System",
                                        "fontSize": 17,
                                        "fontWeight": "400",
                                        "letterSpacing": -0.408,
                                        "lineHeight": 22,
                                      },
                                      undefined,
                                      Object {
                                        "color": "rgba(0, 0, 0, 255)",
                                      },
                                    ],
                                    undefined,
                                  ]
                                }
                              >
                                . Be one of the first to join the adventure 💪
                              </Text>
                            </Text>
                          </Text>
                        </View>
                      </View>
                    </View>
                  </View>
                </View>
              </View>
            </View>
          </View>
        </View>
      </View>
    </View>
  </View>
</View>
`;
