// Jest Snapshot v1, https://goo.gl/fbAQLP

exports[`renders Badge 1`] = `
<View
  style={
    Array [
      Object {
        "alignItems": "center",
        "flexDirection": "row",
        "height": 60,
      },
      Object {
        "backgroundColor": "red",
      },
    ]
  }
>
  <View
    style={
      Object {
        "flex": 8,
      }
    }
  >
    <Text
      style={
        Array [
          Object {
            "backgroundColor": "transparent",
            "color": "#000000",
            "fontFamily": "System",
            "fontSize": 17,
            "fontWeight": "400",
            "letterSpacing": -0.408,
            "lineHeight": 22,
          },
          Array [
            Object {
              "color": "rgba(0,0,0,0.87)",
            },
            Object {
              "backgroundColor": "transparent",
              "fontFamily": "System",
              "fontWeight": "400",
            },
            undefined,
          ],
        ]
      }
    >
      What's new in Paris?
    </Text>
  </View>
  <View
    style={
      Array [
        Object {
          "height": 30,
          "width": 30,
        },
        undefined,
        undefined,
      ]
    }
  >
    <Image
      source={
        Object {
          "uri": "https://avatars1.githubusercontent.com/u/14147533",
        }
      }
      style={
        Array [
          Object {
            "alignItems": "center",
            "backgroundColor": "rgba(0, 122, 255, 255)",
            "borderRadius": 15,
            "flex": 1,
            "justifyContent": "center",
          },
          undefined,
        ]
      }
      testID="image-avatar-https://avatars1.githubusercontent.com/u/14147533"
    />
  </View>
</View>
`;
