// Jest Snapshot v1, https://goo.gl/fbAQLP

exports[`renders NoContent 1`] = `
<View
  style={
    Object {
      "alignItems": "center",
      "flex": 1,
      "justifyContent": "center",
    }
  }
>
  <Text
    style={
      Array [
        Object {
          "backgroundColor": "transparent",
          "color": "#000000",
          "fontFamily": "System",
          "fontSize": 20,
          "fontWeight": "400",
          "letterSpacing": 0.361328,
          "lineHeight": 25,
        },
        false,
        false,
        false,
        Array [
          Object {
            "color": "rgba(0, 122, 255, 255)",
          },
          Object {
            "backgroundColor": "transparent",
            "fontFamily": "System",
            "fontWeight": "600",
          },
          undefined,
        ],
      ]
    }
  >
    No content yet
  </Text>
  <Text
    style={
      Array [
        false,
        Object {
          "backgroundColor": "transparent",
          "color": "#000000",
          "fontFamily": "System",
          "fontSize": 17,
          "fontWeight": "600",
          "letterSpacing": -0.408,
          "lineHeight": 22,
        },
        false,
        false,
        Array [
          Object {
            "color": "rgba(0,0,0,0.87)",
          },
          Object {
            "backgroundColor": "transparent",
            "fontFamily": "System",
            "fontWeight": "400",
          },
          undefined,
        ],
      ]
    }
  >
    Be the first to add a comment! ðŸ‘‡
  </Text>
  <Text
    style={
      Array [
        Object {
          "backgroundColor": "transparent",
          "color": "#000000",
          "fontFamily": "System",
          "fontSize": 15,
          "fontWeight": "400",
          "letterSpacing": -0.24,
          "lineHeight": 20,
        },
        Array [
          Object {
            "color": "rgba(0,0,0,0.87)",
          },
          Object {
            "backgroundColor": "transparent",
            "fontFamily": "System",
            "fontWeight": "400",
          },
          undefined,
        ],
      ]
    }
  >
    child
  </Text>
</View>
`;
