// Jest Snapshot v1, https://goo.gl/fbAQLP

exports[`renders Profile 1`] = `
<View
  style={
    Object {
      "backgroundColor": "#FFFFFF",
      "flex": 1,
    }
  }
>
  <View
    style={
      Object {
        "paddingHorizontal": 16,
      }
    }
  >
    <View
      style={
        Object {
          "justifyContent": "center",
          "marginTop": 30,
          "width": "100%",
        }
      }
    >
      <View
        style={
          Object {
            "flexDirection": "row",
          }
        }
      >
        <View
          style={
            Object {
              "borderRadius": 45,
              "elevation": 3,
              "height": 90,
              "shadowColor": "rgba(0, 0, 0, 0.8)",
              "shadowOffset": Object {
                "x": 0,
                "y": 1,
              },
              "shadowOpacity": 0.22,
              "shadowRadius": 2.22,
              "width": 90,
            }
          }
        >
          <View
            style={
              Array [
                Object {
                  "height": 30,
                  "width": 30,
                },
                Object {
                  "height": 90,
                  "width": 90,
                },
              ]
            }
          >
            <Image
              source={
                Object {
                  "uri": "https://avatars1.githubusercontent.com/u/14147533",
                }
              }
              style={
                Array [
                  Object {
                    "alignItems": "center",
                    "backgroundColor": "#008ef4",
                    "borderRadius": 15,
                    "flex": 1,
                    "justifyContent": "center",
                  },
                  Object {
                    "borderRadius": 45,
                  },
                ]
              }
              testID="image-avatar-https://avatars1.githubusercontent.com/u/14147533"
            />
          </View>
        </View>
        <View
          style={
            Object {
              "flex": 1,
              "flexDirection": "column",
              "justifyContent": "center",
              "marginLeft": 20,
            }
          }
        >
          <Text
            style={
              Array [
                Object {
                  "fontFamily": "Helvetica",
                },
                Object {
                  "color": "#0B1B77",
                  "fontSize": 24,
                  "fontWeight": "normal",
                  "opacity": 1,
                  "textDecorationLine": "none",
                },
                Object {},
              ]
            }
          >
            Bruno Bodian
          </Text>
          <Text
            style={
              Array [
                Object {
                  "fontFamily": "Helvetica",
                },
                Object {
                  "color": "#0B1B77",
                  "fontSize": 16,
                  "fontWeight": "normal",
                  "opacity": 1,
                  "textDecorationLine": "none",
                },
                Object {},
              ]
            }
          >
            bacarybruno@kebetoo.com
          </Text>
        </View>
      </View>
      <View
        style={
          Object {
            "alignSelf": "center",
            "backgroundColor": "#FFFFFF",
            "borderRadius": 16,
            "elevation": 2,
            "flexDirection": "row",
            "height": 68,
            "marginTop": 27,
            "shadowColor": "rgba(0, 0, 0, 0.8)",
            "shadowOffset": Object {
              "x": 0,
              "y": 1,
            },
            "shadowOpacity": 0.2,
            "shadowRadius": 1.41,
            "width": "99%",
          }
        }
      >
        <View
          style={
            Object {
              "alignItems": "center",
              "flex": 1,
              "justifyContent": "center",
            }
          }
        >
          <Text
            style={
              Array [
                Object {
                  "fontFamily": "Helvetica",
                },
                Object {
                  "color": "#0B1B77",
                  "fontSize": 16,
                  "fontWeight": "bold",
                  "opacity": 1,
                  "textDecorationLine": "none",
                },
                Object {},
              ]
            }
          >
            0
          </Text>
          <Text
            style={
              Array [
                Object {
                  "fontFamily": "Helvetica",
                },
                Object {
                  "color": "#0B1B77",
                  "fontSize": 14,
                  "fontWeight": "normal",
                  "opacity": 0.35,
                  "textDecorationLine": "none",
                },
                Object {},
              ]
            }
          >
            posts
          </Text>
        </View>
        <View
          style={
            Object {
              "alignItems": "center",
              "flex": 1,
              "justifyContent": "center",
            }
          }
        >
          <Text
            style={
              Array [
                Object {
                  "fontFamily": "Helvetica",
                },
                Object {
                  "color": "#0B1B77",
                  "fontSize": 16,
                  "fontWeight": "bold",
                  "opacity": 1,
                  "textDecorationLine": "none",
                },
                Object {},
              ]
            }
          >
            0
          </Text>
          <Text
            style={
              Array [
                Object {
                  "fontFamily": "Helvetica",
                },
                Object {
                  "color": "#0B1B77",
                  "fontSize": 14,
                  "fontWeight": "normal",
                  "opacity": 0.35,
                  "textDecorationLine": "none",
                },
                Object {},
              ]
            }
          >
            reactions
          </Text>
        </View>
        <View
          style={
            Object {
              "alignItems": "center",
              "flex": 1,
              "justifyContent": "center",
            }
          }
        >
          <Text
            style={
              Array [
                Object {
                  "fontFamily": "Helvetica",
                },
                Object {
                  "color": "#0B1B77",
                  "fontSize": 16,
                  "fontWeight": "bold",
                  "opacity": 1,
                  "textDecorationLine": "none",
                },
                Object {},
              ]
            }
          >
            0
          </Text>
          <Text
            style={
              Array [
                Object {
                  "fontFamily": "Helvetica",
                },
                Object {
                  "color": "#0B1B77",
                  "fontSize": 14,
                  "fontWeight": "normal",
                  "opacity": 0.35,
                  "textDecorationLine": "none",
                },
                Object {},
              ]
            }
          >
            comments
          </Text>
        </View>
      </View>
    </View>
  </View>
  <RCTScrollView
    contentContainerStyle={
      Object {
        "paddingBottom": 24,
      }
    }
  >
    <View>
      <View
        style={
          Object {
            "marginTop": 27,
          }
        }
      >
        <View
          style={
            Object {
              "alignItems": "center",
              "flex": 1,
              "flexDirection": "row",
              "justifyContent": "space-between",
            }
          }
        >
          <View
            accessible={true}
            focusable={true}
            onClick={[Function]}
            onResponderGrant={[Function]}
            onResponderMove={[Function]}
            onResponderRelease={[Function]}
            onResponderTerminate={[Function]}
            onResponderTerminationRequest={[Function]}
            onStartShouldSetResponder={[Function]}
            style={
              Object {
                "alignItems": "center",
                "flex": 1,
                "flexDirection": "row",
                "paddingHorizontal": 16,
                "paddingVertical": 8,
              }
            }
          >
            <View
              style={
                Object {
                  "alignItems": "center",
                  "backgroundColor": "#F2F2F2",
                  "borderRadius": 20,
                  "height": 40,
                  "justifyContent": "center",
                  "marginRight": 20,
                  "width": 40,
                }
              }
            >
              <Text
                allowFontScaling={false}
                style={
                  Array [
                    Object {
                      "color": "#0B1B77",
                      "fontSize": 20,
                    },
                    undefined,
                    Object {
                      "fontFamily": "Ionicons",
                      "fontStyle": "normal",
                      "fontWeight": "normal",
                    },
                    Object {},
                  ]
                }
              >
                
              </Text>
            </View>
            <View>
              <Text
                numberOfLines={1}
                style={
                  Array [
                    Object {
                      "fontFamily": "Helvetica",
                    },
                    Object {
                      "color": "rgba(0, 0, 0, 0.8)",
                      "fontSize": 16,
                      "fontWeight": "normal",
                      "opacity": 1,
                      "textDecorationLine": "none",
                    },
                    Object {},
                  ]
                }
              >
                Manage posts
              </Text>
              <Text
                style={
                  Array [
                    Object {
                      "fontFamily": "Helvetica",
                    },
                    Object {
                      "color": "rgba(0, 0, 0, 0.8)",
                      "fontSize": 14,
                      "fontWeight": "normal",
                      "opacity": 0.35,
                      "textDecorationLine": "none",
                    },
                    Object {},
                  ]
                }
              >
                View, edit or delete your posts
              </Text>
            </View>
          </View>
        </View>
      </View>
      <View
        style={
          Object {
            "marginTop": 27,
          }
        }
      >
        <Text
          style={
            Array [
              Object {
                "fontFamily": "Helvetica",
              },
              Object {
                "color": "#0B1B77",
                "fontSize": 14,
                "fontWeight": "bold",
                "opacity": 0.35,
                "textDecorationLine": "none",
              },
              Object {
                "marginBottom": 10,
                "paddingHorizontal": 16,
              },
            ]
          }
        >
          Preferences
        </Text>
        <View
          style={
            Object {
              "alignItems": "center",
              "flex": 1,
              "flexDirection": "row",
              "justifyContent": "space-between",
            }
          }
        >
          <View
            accessible={true}
            focusable={true}
            onClick={[Function]}
            onResponderGrant={[Function]}
            onResponderMove={[Function]}
            onResponderRelease={[Function]}
            onResponderTerminate={[Function]}
            onResponderTerminationRequest={[Function]}
            onStartShouldSetResponder={[Function]}
            style={
              Object {
                "alignItems": "center",
                "flex": 1,
                "flexDirection": "row",
                "paddingHorizontal": 16,
                "paddingVertical": 8,
              }
            }
          >
            <View
              style={
                Object {
                  "alignItems": "center",
                  "backgroundColor": "#F2F2F2",
                  "borderRadius": 20,
                  "height": 40,
                  "justifyContent": "center",
                  "marginRight": 20,
                  "width": 40,
                }
              }
            >
              <Text
                allowFontScaling={false}
                style={
                  Array [
                    Object {
                      "color": "#0B1B77",
                      "fontSize": 20,
                    },
                    undefined,
                    Object {
                      "fontFamily": "Ionicons",
                      "fontStyle": "normal",
                      "fontWeight": "normal",
                    },
                    Object {},
                  ]
                }
              >
                
              </Text>
            </View>
            <View>
              <Text
                numberOfLines={1}
                style={
                  Array [
                    Object {
                      "fontFamily": "Helvetica",
                    },
                    Object {
                      "color": "rgba(0, 0, 0, 0.8)",
                      "fontSize": 16,
                      "fontWeight": "normal",
                      "opacity": 1,
                      "textDecorationLine": "none",
                    },
                    Object {},
                  ]
                }
              >
                Invite a Friend
              </Text>
            </View>
          </View>
        </View>
        <View
          style={
            Object {
              "alignItems": "center",
              "flex": 1,
              "flexDirection": "row",
              "justifyContent": "space-between",
            }
          }
        >
          <View
            accessible={true}
            focusable={false}
            onClick={[Function]}
            onResponderGrant={[Function]}
            onResponderMove={[Function]}
            onResponderRelease={[Function]}
            onResponderTerminate={[Function]}
            onResponderTerminationRequest={[Function]}
            onStartShouldSetResponder={[Function]}
            style={
              Object {
                "alignItems": "center",
                "flex": 1,
                "flexDirection": "row",
                "paddingHorizontal": 16,
                "paddingVertical": 8,
              }
            }
          >
            <View
              style={
                Object {
                  "alignItems": "center",
                  "backgroundColor": "#F2F2F2",
                  "borderRadius": 20,
                  "height": 40,
                  "justifyContent": "center",
                  "marginRight": 20,
                  "width": 40,
                }
              }
            >
              <Text
                allowFontScaling={false}
                style={
                  Array [
                    Object {
                      "color": "#0B1B77",
                      "fontSize": 20,
                    },
                    undefined,
                    Object {
                      "fontFamily": "Ionicons",
                      "fontStyle": "normal",
                      "fontWeight": "normal",
                    },
                    Object {},
                  ]
                }
              >
                
              </Text>
            </View>
            <View>
              <Text
                numberOfLines={1}
                style={
                  Array [
                    Object {
                      "fontFamily": "Helvetica",
                    },
                    Object {
                      "color": "rgba(0, 0, 0, 0.8)",
                      "fontSize": 16,
                      "fontWeight": "normal",
                      "opacity": 1,
                      "textDecorationLine": "none",
                    },
                    Object {},
                  ]
                }
              >
                Dark Mode
              </Text>
            </View>
          </View>
        </View>
        <View
          style={
            Object {
              "alignItems": "center",
              "flex": 1,
              "flexDirection": "row",
              "justifyContent": "space-between",
            }
          }
        >
          <View
            accessible={true}
            focusable={false}
            onClick={[Function]}
            onResponderGrant={[Function]}
            onResponderMove={[Function]}
            onResponderRelease={[Function]}
            onResponderTerminate={[Function]}
            onResponderTerminationRequest={[Function]}
            onStartShouldSetResponder={[Function]}
            style={
              Object {
                "alignItems": "center",
                "flex": 1,
                "flexDirection": "row",
                "paddingHorizontal": 16,
                "paddingVertical": 8,
              }
            }
          >
            <View
              style={
                Object {
                  "alignItems": "center",
                  "backgroundColor": "#F2F2F2",
                  "borderRadius": 20,
                  "height": 40,
                  "justifyContent": "center",
                  "marginRight": 20,
                  "width": 40,
                }
              }
            >
              <Text
                allowFontScaling={false}
                style={
                  Array [
                    Object {
                      "color": "#0B1B77",
                      "fontSize": 20,
                    },
                    undefined,
                    Object {
                      "fontFamily": "Ionicons",
                      "fontStyle": "normal",
                      "fontWeight": "normal",
                    },
                    Object {},
                  ]
                }
              >
                
              </Text>
            </View>
            <View>
              <Text
                numberOfLines={1}
                style={
                  Array [
                    Object {
                      "fontFamily": "Helvetica",
                    },
                    Object {
                      "color": "rgba(0, 0, 0, 0.8)",
                      "fontSize": 16,
                      "fontWeight": "normal",
                      "opacity": 1,
                      "textDecorationLine": "none",
                    },
                    Object {},
                  ]
                }
              >
                Notifications
              </Text>
            </View>
          </View>
        </View>
        <View
          style={
            Object {
              "alignItems": "center",
              "flex": 1,
              "flexDirection": "row",
              "justifyContent": "space-between",
            }
          }
        >
          <View
            accessible={true}
            focusable={false}
            onClick={[Function]}
            onResponderGrant={[Function]}
            onResponderMove={[Function]}
            onResponderRelease={[Function]}
            onResponderTerminate={[Function]}
            onResponderTerminationRequest={[Function]}
            onStartShouldSetResponder={[Function]}
            style={
              Object {
                "alignItems": "center",
                "flex": 1,
                "flexDirection": "row",
                "paddingHorizontal": 16,
                "paddingVertical": 8,
              }
            }
          >
            <View
              style={
                Object {
                  "alignItems": "center",
                  "backgroundColor": "#F2F2F2",
                  "borderRadius": 20,
                  "height": 40,
                  "justifyContent": "center",
                  "marginRight": 20,
                  "width": 40,
                }
              }
            >
              <Text
                allowFontScaling={false}
                style={
                  Array [
                    Object {
                      "color": "#0B1B77",
                      "fontSize": 20,
                    },
                    undefined,
                    Object {
                      "fontFamily": "Ionicons",
                      "fontStyle": "normal",
                      "fontWeight": "normal",
                    },
                    Object {},
                  ]
                }
              >
                
              </Text>
            </View>
            <View>
              <Text
                numberOfLines={1}
                style={
                  Array [
                    Object {
                      "fontFamily": "Helvetica",
                    },
                    Object {
                      "color": "rgba(0, 0, 0, 0.8)",
                      "fontSize": 16,
                      "fontWeight": "normal",
                      "opacity": 1,
                      "textDecorationLine": "none",
                    },
                    Object {},
                  ]
                }
              >
                Language
              </Text>
              <Text
                style={
                  Array [
                    Object {
                      "fontFamily": "Helvetica",
                    },
                    Object {
                      "color": "rgba(0, 0, 0, 0.8)",
                      "fontSize": 14,
                      "fontWeight": "normal",
                      "opacity": 0.35,
                      "textDecorationLine": "none",
                    },
                    Object {},
                  ]
                }
              >
                English
              </Text>
            </View>
          </View>
        </View>
      </View>
      <View
        style={
          Object {
            "marginTop": 27,
          }
        }
      >
        <Text
          style={
            Array [
              Object {
                "fontFamily": "Helvetica",
              },
              Object {
                "color": "#0B1B77",
                "fontSize": 14,
                "fontWeight": "bold",
                "opacity": 0.35,
                "textDecorationLine": "none",
              },
              Object {
                "marginBottom": 10,
                "paddingHorizontal": 16,
              },
            ]
          }
        >
          Account
        </Text>
        <View
          style={
            Object {
              "alignItems": "center",
              "flex": 1,
              "flexDirection": "row",
              "justifyContent": "space-between",
            }
          }
        >
          <View
            accessible={true}
            focusable={false}
            onClick={[Function]}
            onResponderGrant={[Function]}
            onResponderMove={[Function]}
            onResponderRelease={[Function]}
            onResponderTerminate={[Function]}
            onResponderTerminationRequest={[Function]}
            onStartShouldSetResponder={[Function]}
            style={
              Object {
                "alignItems": "center",
                "flex": 1,
                "flexDirection": "row",
                "paddingHorizontal": 16,
                "paddingVertical": 8,
              }
            }
          >
            <View
              style={
                Object {
                  "alignItems": "center",
                  "backgroundColor": "#F2F2F2",
                  "borderRadius": 20,
                  "height": 40,
                  "justifyContent": "center",
                  "marginRight": 20,
                  "width": 40,
                }
              }
            >
              <Text
                allowFontScaling={false}
                style={
                  Array [
                    Object {
                      "color": "#0B1B77",
                      "fontSize": 20,
                    },
                    undefined,
                    Object {
                      "fontFamily": "Ionicons",
                      "fontStyle": "normal",
                      "fontWeight": "normal",
                    },
                    Object {},
                  ]
                }
              >
                
              </Text>
            </View>
            <View>
              <Text
                numberOfLines={1}
                style={
                  Array [
                    Object {
                      "fontFamily": "Helvetica",
                    },
                    Object {
                      "color": "rgba(0, 0, 0, 0.8)",
                      "fontSize": 16,
                      "fontWeight": "normal",
                      "opacity": 1,
                      "textDecorationLine": "none",
                    },
                    Object {},
                  ]
                }
              >
                Edit username
              </Text>
              <Text
                style={
                  Array [
                    Object {
                      "fontFamily": "Helvetica",
                    },
                    Object {
                      "color": "rgba(0, 0, 0, 0.8)",
                      "fontSize": 14,
                      "fontWeight": "normal",
                      "opacity": 0.35,
                      "textDecorationLine": "none",
                    },
                    Object {},
                  ]
                }
              >
                No username defined
              </Text>
            </View>
          </View>
        </View>
        <View
          style={
            Object {
              "alignItems": "center",
              "flex": 1,
              "flexDirection": "row",
              "justifyContent": "space-between",
            }
          }
        >
          <View
            accessible={true}
            focusable={false}
            onClick={[Function]}
            onResponderGrant={[Function]}
            onResponderMove={[Function]}
            onResponderRelease={[Function]}
            onResponderTerminate={[Function]}
            onResponderTerminationRequest={[Function]}
            onStartShouldSetResponder={[Function]}
            style={
              Object {
                "alignItems": "center",
                "flex": 1,
                "flexDirection": "row",
                "paddingHorizontal": 16,
                "paddingVertical": 8,
              }
            }
          >
            <View
              style={
                Object {
                  "alignItems": "center",
                  "backgroundColor": "#F2F2F2",
                  "borderRadius": 20,
                  "height": 40,
                  "justifyContent": "center",
                  "marginRight": 20,
                  "width": 40,
                }
              }
            >
              <Text
                allowFontScaling={false}
                style={
                  Array [
                    Object {
                      "color": "#0B1B77",
                      "fontSize": 20,
                    },
                    undefined,
                    Object {
                      "fontFamily": "Ionicons",
                      "fontStyle": "normal",
                      "fontWeight": "normal",
                    },
                    Object {},
                  ]
                }
              >
                
              </Text>
            </View>
            <View>
              <Text
                numberOfLines={1}
                style={
                  Array [
                    Object {
                      "fontFamily": "Helvetica",
                    },
                    Object {
                      "color": "rgba(0, 0, 0, 0.8)",
                      "fontSize": 16,
                      "fontWeight": "normal",
                      "opacity": 1,
                      "textDecorationLine": "none",
                    },
                    Object {},
                  ]
                }
              >
                Edit profile
              </Text>
            </View>
          </View>
        </View>
        <View
          style={
            Object {
              "alignItems": "center",
              "flex": 1,
              "flexDirection": "row",
              "justifyContent": "space-between",
            }
          }
        >
          <View
            accessible={true}
            focusable={true}
            onClick={[Function]}
            onResponderGrant={[Function]}
            onResponderMove={[Function]}
            onResponderRelease={[Function]}
            onResponderTerminate={[Function]}
            onResponderTerminationRequest={[Function]}
            onStartShouldSetResponder={[Function]}
            style={
              Object {
                "alignItems": "center",
                "flex": 1,
                "flexDirection": "row",
                "paddingHorizontal": 16,
                "paddingVertical": 8,
              }
            }
          >
            <View
              style={
                Object {
                  "alignItems": "center",
                  "backgroundColor": "#F2F2F2",
                  "borderRadius": 20,
                  "height": 40,
                  "justifyContent": "center",
                  "marginRight": 20,
                  "width": 40,
                }
              }
            >
              <Text
                allowFontScaling={false}
                style={
                  Array [
                    Object {
                      "color": "#0B1B77",
                      "fontSize": 20,
                    },
                    undefined,
                    Object {
                      "fontFamily": "Ionicons",
                      "fontStyle": "normal",
                      "fontWeight": "normal",
                    },
                    Object {},
                  ]
                }
              >
                
              </Text>
            </View>
            <View>
              <Text
                numberOfLines={1}
                style={
                  Array [
                    Object {
                      "fontFamily": "Helvetica",
                    },
                    Object {
                      "color": "rgba(0, 0, 0, 0.8)",
                      "fontSize": 16,
                      "fontWeight": "normal",
                      "opacity": 1,
                      "textDecorationLine": "none",
                    },
                    Object {},
                  ]
                }
              >
                Sign out
              </Text>
            </View>
          </View>
        </View>
      </View>
    </View>
  </RCTScrollView>
</View>
`;
