// Jest Snapshot v1, https://goo.gl/fbAQLP

exports[`renders AudioContent 1`] = `
<View
  style={
    Object {
      "elevation": 3,
    }
  }
>
  <Text
    style={
      Array [
        Object {
          "backgroundColor": "transparent",
          "color": "#000000",
          "fontFamily": "System",
          "fontSize": 15,
          "fontWeight": "400",
          "letterSpacing": -0.24,
          "lineHeight": 20,
        },
        Array [
          Object {
            "color": "rgba(0,0,0,0.87)",
          },
          Object {
            "backgroundColor": "transparent",
            "fontFamily": "System",
            "fontWeight": "400",
          },
          Object {
            "marginBottom": 8,
          },
        ],
      ]
    }
  >
    test audio
  </Text>
  <View
    accessible={true}
    focusable={true}
    onClick={[Function]}
    onResponderGrant={[Function]}
    onResponderMove={[Function]}
    onResponderRelease={[Function]}
    onResponderTerminate={[Function]}
    onResponderTerminationRequest={[Function]}
    onStartShouldSetResponder={[Function]}
    style={
      Array [
        Object {
          "alignItems": "center",
          "backgroundColor": "#FAFAFA",
          "borderRadius": 5,
          "flex": 1,
          "flexDirection": "row",
          "height": 52,
          "maxHeight": 52,
        },
        undefined,
        undefined,
      ]
    }
    testID="player-wrapper"
  >
    <View
      style={
        Array [
          Object {
            "backgroundColor": "rgba(255, 255, 255, 255)",
            "borderBottomLeftRadius": 5,
            "borderTopLeftRadius": 5,
            "height": "100%",
            "opacity": 0.4,
            "position": "absolute",
          },
          undefined,
          Object {
            "width": "0%",
          },
        ]
      }
      testID="progress"
    />
    <View
      accessible={true}
      focusable={true}
      onClick={[Function]}
      onResponderGrant={[Function]}
      onResponderMove={[Function]}
      onResponderRelease={[Function]}
      onResponderTerminate={[Function]}
      onResponderTerminationRequest={[Function]}
      onStartShouldSetResponder={[Function]}
      style={
        Object {
          "alignItems": "center",
          "backgroundColor": "rgba(242, 242, 247, 255)",
          "borderRadius": 15,
          "elevation": 2,
          "height": 30,
          "justifyContent": "center",
          "marginLeft": 16,
          "opacity": 1,
          "shadowColor": "rgba(0, 0, 0, 255)",
          "shadowOffset": Object {
            "x": 0,
            "y": 1,
          },
          "shadowOpacity": 0.2,
          "shadowRadius": 1.41,
          "width": 30,
        }
      }
    >
      <Text
        allowFontScaling={false}
        style={
          Object {
            "color": "#0B1B77",
            "fontFamily": "Ionicons",
            "fontSize": 22,
            "fontStyle": "normal",
            "fontWeight": "normal",
          }
        }
        text="ionicon-ios-play"
      />
    </View>
    <View
      style={
        Object {
          "alignItems": "center",
          "flex": 1,
        }
      }
    >
      <Image
        source={
          Object {
            "testUri": "../../../assets/images/waves.png",
          }
        }
        style={
          Object {
            "resizeMode": "contain",
            "width": "80%",
          }
        }
      />
    </View>
    <Text
      style={
        Array [
          false,
          false,
          false,
          Object {
            "backgroundColor": "transparent",
            "color": "#000000",
            "fontFamily": "System",
            "fontSize": 12,
            "fontWeight": "400",
            "letterSpacing": 0,
            "lineHeight": 16,
          },
          Array [
            Object {
              "color": "rgba(0,0,0,0.54)",
            },
            Object {
              "backgroundColor": "transparent",
              "fontFamily": "System",
              "fontWeight": "400",
            },
            Object {
              "bottom": 2,
              "position": "absolute",
              "right": 8,
            },
          ],
        ]
      }
    >
      0:10
    </Text>
  </View>
</View>
`;
