// Jest Snapshot v1, https://goo.gl/fbAQLP

exports[`renders ImageModal 1`] = `
<View
  style={
    Object {
      "backgroundColor": "#000",
      "flex": 1,
      "justifyContent": "center",
    }
  }
>
  <Image
    source={
      Object {
        "uri": "http://localhost:1337/fake-image.png",
      }
    }
    style={
      Object {
        "aspectRatio": 1,
      }
    }
  />
</View>
`;
