// Jest Snapshot v1, https://goo.gl/fbAQLP

exports[`renders CommentReactions 1`] = `
<View
  style={
    Object {
      "backgroundColor": "#FFFFFF",
      "borderLeftColor": "#E5E5EA",
      "borderLeftWidth": 1,
      "borderRightColor": "#E5E5EA",
      "borderRightWidth": 1,
      "borderTopColor": "#E5E5EA",
      "borderTopLeftRadius": 35,
      "borderTopRightRadius": 35,
      "borderTopWidth": 1,
      "height": 100,
      "paddingHorizontal": 24,
    }
  }
>
  <View
    style={
      Object {
        "alignItems": "center",
        "backgroundColor": "transparent",
        "width": "100%",
      }
    }
  >
    <View
      style={
        Object {
          "backgroundColor": "#D1D1D6",
          "borderRadius": 5,
          "height": 5,
          "margin": 10,
          "width": 60,
        }
      }
    />
  </View>
  <View
    style={
      Object {
        "flex": 1,
        "justifyContent": "space-evenly",
      }
    }
  >
    <View
      style={
        Object {
          "flexDirection": "row",
        }
      }
    >
      <View
        accessible={true}
        focusable={true}
        hitSlop={
          Object {
            "bottom": 10,
            "left": 5,
            "right": 5,
            "top": 10,
          }
        }
        onClick={[Function]}
        onResponderGrant={[Function]}
        onResponderMove={[Function]}
        onResponderRelease={[Function]}
        onResponderTerminate={[Function]}
        onResponderTerminationRequest={[Function]}
        onStartShouldSetResponder={[Function]}
        style={
          Object {
            "alignItems": "center",
            "flexDirection": "row",
            "marginRight": 15,
            "minWidth": 35,
            "opacity": 1,
          }
        }
        testID="like-button"
      >
        <Text
          allowFontScaling={false}
          style={
            Object {
              "color": "rgba(0,0,0,0.54)",
              "fontFamily": "icomoon",
              "fontSize": 18,
              "fontStyle": "normal",
              "fontWeight": "normal",
              "marginRight": 4,
            }
          }
          text="kebeticon-like"
        />
        <Text
          style={
            Array [
              false,
              false,
              false,
              Object {
                "backgroundColor": "transparent",
                "color": "#000000",
                "fontFamily": "System",
                "fontSize": 12,
                "fontWeight": "400",
                "letterSpacing": 0,
                "lineHeight": 16,
              },
              Object {
                "backgroundColor": "transparent",
                "fontFamily": "System",
                "fontWeight": "600",
              },
              undefined,
              Object {
                "color": "rgba(0,0,0,0.54)",
              },
              undefined,
              Object {
                "color": "rgba(0,0,0,0.54)",
              },
            ]
          }
        >
          0
        </Text>
      </View>
      <View
        accessible={true}
        focusable={true}
        hitSlop={
          Object {
            "bottom": 10,
            "left": 5,
            "right": 5,
            "top": 10,
          }
        }
        onClick={[Function]}
        onResponderGrant={[Function]}
        onResponderMove={[Function]}
        onResponderRelease={[Function]}
        onResponderTerminate={[Function]}
        onResponderTerminationRequest={[Function]}
        onStartShouldSetResponder={[Function]}
        style={
          Object {
            "alignItems": "center",
            "flexDirection": "row",
            "marginRight": 15,
            "minWidth": 35,
            "opacity": 1,
          }
        }
        testID="dislike-button"
      >
        <Text
          allowFontScaling={false}
          style={
            Object {
              "color": "rgba(0,0,0,0.54)",
              "fontFamily": "icomoon",
              "fontSize": 18,
              "fontStyle": "normal",
              "fontWeight": "normal",
              "marginRight": 4,
            }
          }
          text="kebeticon-dislike"
        />
        <Text
          style={
            Array [
              false,
              false,
              false,
              Object {
                "backgroundColor": "transparent",
                "color": "#000000",
                "fontFamily": "System",
                "fontSize": 12,
                "fontWeight": "400",
                "letterSpacing": 0,
                "lineHeight": 16,
              },
              Object {
                "backgroundColor": "transparent",
                "fontFamily": "System",
                "fontWeight": "600",
              },
              undefined,
              Object {
                "color": "rgba(0,0,0,0.54)",
              },
              undefined,
              Object {
                "color": "rgba(0,0,0,0.54)",
              },
            ]
          }
        >
          0
        </Text>
      </View>
      <View
        accessible={true}
        focusable={true}
        hitSlop={
          Object {
            "bottom": 10,
            "left": 5,
            "right": 5,
            "top": 10,
          }
        }
        onClick={[Function]}
        onResponderGrant={[Function]}
        onResponderMove={[Function]}
        onResponderRelease={[Function]}
        onResponderTerminate={[Function]}
        onResponderTerminationRequest={[Function]}
        onStartShouldSetResponder={[Function]}
        style={
          Object {
            "alignItems": "center",
            "flexDirection": "row",
            "marginRight": 15,
            "minWidth": 35,
            "opacity": 1,
          }
        }
        testID="comment-button"
      >
        <Text
          allowFontScaling={false}
          style={
            Object {
              "color": "rgba(0,0,0,0.54)",
              "fontFamily": "icomoon",
              "fontSize": 18,
              "fontStyle": "normal",
              "fontWeight": "normal",
              "marginRight": 4,
            }
          }
          text="kebeticon-comment"
        />
        <Text
          style={
            Array [
              false,
              false,
              false,
              Object {
                "backgroundColor": "transparent",
                "color": "#000000",
                "fontFamily": "System",
                "fontSize": 12,
                "fontWeight": "400",
                "letterSpacing": 0,
                "lineHeight": 16,
              },
              Object {
                "backgroundColor": "transparent",
                "fontFamily": "System",
                "fontWeight": "600",
              },
              undefined,
              Object {
                "color": "rgba(0,0,0,0.54)",
              },
              undefined,
              Object {
                "color": "rgba(0,0,0,0.54)",
              },
            ]
          }
        >
          2
        </Text>
      </View>
      <View
        accessible={true}
        focusable={true}
        hitSlop={
          Object {
            "bottom": 10,
            "left": 5,
            "right": 5,
            "top": 10,
          }
        }
        onClick={[Function]}
        onResponderGrant={[Function]}
        onResponderMove={[Function]}
        onResponderRelease={[Function]}
        onResponderTerminate={[Function]}
        onResponderTerminationRequest={[Function]}
        onStartShouldSetResponder={[Function]}
        style={
          Object {
            "alignItems": "center",
            "flexDirection": "row",
            "marginRight": 15,
            "minWidth": 35,
            "opacity": 1,
          }
        }
        testID="share-button"
      >
        <Text
          allowFontScaling={false}
          style={
            Object {
              "color": "rgba(0,0,0,0.54)",
              "fontFamily": "icomoon",
              "fontSize": 18,
              "fontStyle": "normal",
              "fontWeight": "normal",
              "marginRight": 4,
            }
          }
          text="kebeticon-share"
        />
        <Text
          style={
            Array [
              false,
              false,
              false,
              Object {
                "backgroundColor": "transparent",
                "color": "#000000",
                "fontFamily": "System",
                "fontSize": 12,
                "fontWeight": "400",
                "letterSpacing": 0,
                "lineHeight": 16,
              },
              Object {
                "backgroundColor": "transparent",
                "fontFamily": "System",
                "fontWeight": "600",
              },
              undefined,
              Object {
                "color": "rgba(0,0,0,0.54)",
              },
              undefined,
              Object {
                "color": "rgba(0,0,0,0.54)",
              },
            ]
          }
        >
          0
        </Text>
      </View>
    </View>
    <View
      style={
        Object {
          "alignItems": "center",
          "flexDirection": "row",
        }
      }
    >
      <View
        style={
          Object {
            "flexDirection": "row",
            "marginRight": 5,
          }
        }
      >
        <View
          style={
            Object {
              "backgroundColor": "#FFFFFF",
              "borderRadius": 14,
              "height": 28,
              "padding": 2,
              "width": 28,
              "zIndex": 1,
            }
          }
        >
          <View
            style={
              Array [
                Object {
                  "height": 30,
                  "width": 30,
                },
                undefined,
                Object {
                  "backgroundColor": "#007AFF",
                  "borderRadius": 14,
                  "height": "100%",
                  "width": "100%",
                },
              ]
            }
          >
            <Image
              source={
                Object {
                  "uri": "https://avatars1.githubusercontent.com/u/14147533",
                }
              }
              style={
                Array [
                  Object {
                    "alignItems": "center",
                    "backgroundColor": "#007AFF",
                    "borderRadius": 15,
                    "flex": 1,
                    "justifyContent": "center",
                  },
                  undefined,
                ]
              }
              testID="image-avatar-https://avatars1.githubusercontent.com/u/14147533"
            />
          </View>
        </View>
        <View
          style={
            Array [
              Object {
                "backgroundColor": "#FFFFFF",
                "borderRadius": 14,
                "height": 28,
                "padding": 2,
                "width": 28,
                "zIndex": 1,
              },
              Object {
                "marginLeft": -11.2,
                "zIndex": 0,
              },
            ]
          }
        >
          <View
            style={
              Array [
                Object {
                  "height": 30,
                  "width": 30,
                },
                undefined,
                Object {
                  "backgroundColor": "#007AFF",
                  "borderRadius": 14,
                  "height": "100%",
                  "width": "100%",
                },
              ]
            }
          >
            <View
              style={
                Array [
                  Object {
                    "alignItems": "center",
                    "backgroundColor": "#007AFF",
                    "borderRadius": 15,
                    "flex": 1,
                    "justifyContent": "center",
                  },
                  undefined,
                  Object {
                    "backgroundColor": "#9575cd",
                  },
                ]
              }
            >
              <Text
                style={
                  Array [
                    false,
                    Object {
                      "backgroundColor": "transparent",
                      "color": "#000000",
                      "fontFamily": "System",
                      "fontSize": 17,
                      "fontWeight": "600",
                      "letterSpacing": -0.408,
                      "lineHeight": 22,
                    },
                    false,
                    false,
                    Object {
                      "backgroundColor": "transparent",
                      "fontFamily": "System",
                      "fontWeight": "600",
                    },
                    undefined,
                    undefined,
                    undefined,
                    Object {
                      "color": "#FFFFFF",
                    },
                  ]
                }
              >
                J
              </Text>
            </View>
          </View>
        </View>
      </View>
    </View>
  </View>
</View>
`;
