// Jest Snapshot v1, https://goo.gl/fbAQLP

exports[`renders SocialSignin 1`] = `
<View
  style={
    Object {
      "flex": 1,
    }
  }
>
  <View
    style={
      Object {
        "height": "100%",
        "justifyContent": "space-between",
      }
    }
  >
    <View
      style={
        Object {
          "flex": 3,
          "justifyContent": "space-evenly",
        }
      }
    >
      <View
        style={
          Array [
            Object {
              "alignItems": "center",
              "flexDirection": "row",
            },
            undefined,
          ]
        }
      >
        <View
          style={
            Object {
              "borderColor": "#707070",
              "borderWidth": 0.5,
              "flex": 1,
              "height": 0.5,
            }
          }
        />
        <View
          style={
            Object {
              "borderColor": "#707070",
              "borderWidth": 0.5,
              "flex": 1,
              "height": 0.5,
            }
          }
        />
      </View>
      <View
        style={
          Object {
            "flexDirection": "row",
            "justifyContent": "center",
          }
        }
      >
        <View
          accessible={true}
          focusable={true}
          onClick={[Function]}
          onResponderGrant={[Function]}
          onResponderMove={[Function]}
          onResponderRelease={[Function]}
          onResponderTerminate={[Function]}
          onResponderTerminationRequest={[Function]}
          onStartShouldSetResponder={[Function]}
          style={
            Object {
              "opacity": 1,
            }
          }
          testID="facebook-signin"
        >
          <Text
            allowFontScaling={false}
            style={
              Array [
                Object {
                  "color": "#3b5998",
                  "fontSize": 33,
                },
                undefined,
                Object {
                  "fontFamily": "icomoon",
                  "fontStyle": "normal",
                  "fontWeight": "normal",
                },
                Object {},
              ]
            }
          >
            î¤…
          </Text>
        </View>
        <View
          accessible={true}
          focusable={true}
          onClick={[Function]}
          onResponderGrant={[Function]}
          onResponderMove={[Function]}
          onResponderRelease={[Function]}
          onResponderTerminate={[Function]}
          onResponderTerminationRequest={[Function]}
          onStartShouldSetResponder={[Function]}
          style={
            Object {
              "opacity": 1,
            }
          }
          testID="google-signin"
        >
          <Image
            source={
              Object {
                "testUri": "../../../assets/images/google.png",
              }
            }
            style={
              Object {
                "height": 33,
                "marginHorizontal": 8,
                "width": 32,
              }
            }
          />
        </View>
      </View>
    </View>
    <Text
      style={
        Array [
          Object {
            "fontFamily": "Helvetica",
          },
          Object {
            "color": "rgba(0, 0, 0, 0.8)",
            "fontSize": 16,
            "fontWeight": "normal",
            "opacity": 1,
            "textDecorationLine": "none",
          },
          Object {},
        ]
      }
    >
      Don't have an account?
    </Text>
  </View>
</View>
`;
