// Jest Snapshot v1, https://goo.gl/fbAQLP

exports[`renders HrLine 1`] = `
<View
  style={
    Array [
      Object {
        "alignItems": "center",
        "flexDirection": "row",
      },
      Object {
        "backgroundColor": "red",
        "color": "white",
      },
    ]
  }
>
  <View
    style={
      Object {
        "borderColor": "rgba(229, 229, 234, 255)",
        "borderWidth": 0.5,
        "flex": 1,
        "height": 0.5,
      }
    }
  />
  <Text
    style={
      Array [
        Object {
          "backgroundColor": "transparent",
          "color": "rgba(0,0,0,0.87)",
          "fontFamily": "System",
          "fontSize": 14,
          "fontWeight": "600",
          "letterSpacing": -0.154,
          "lineHeight": 24,
        },
        Array [
          Object {
            "color": "rgba(0,0,0,0.87)",
          },
          Object {
            "backgroundColor": "transparent",
            "fontFamily": "System",
            "fontWeight": "400",
          },
          Object {
            "marginHorizontal": 8,
          },
        ],
      ]
    }
  >
    Or sign up with
  </Text>
  <View
    style={
      Object {
        "borderColor": "rgba(229, 229, 234, 255)",
        "borderWidth": 0.5,
        "flex": 1,
        "height": 0.5,
      }
    }
  />
</View>
`;
