// Jest Snapshot v1, https://goo.gl/fbAQLP

exports[`renders SignUp 1`] = `
<View
  style={
    Object {
      "backgroundColor": "#FFFFFF",
      "flex": 1,
      "paddingHorizontal": 16,
      "paddingVertical": 24,
    }
  }
>
  <View
    style={
      Object {
        "flex": 3,
        "justifyContent": "space-between",
        "maxHeight": 380,
      }
    }
  >
    <Image
      source={
        Object {
          "testUri": "../../../assets/images/logo-full.png",
        }
      }
      style={
        Object {
          "alignSelf": "center",
          "height": 118,
          "resizeMode": "contain",
          "width": "80%",
        }
      }
    />
    <View
      style={
        Array [
          Object {
            "backgroundColor": "#F2F2F2",
            "borderColor": "#E8E8E8",
            "borderRadius": 15,
            "borderWidth": 1,
            "minHeight": 48,
            "paddingLeft": 16,
          },
          undefined,
        ]
      }
    >
      <TextInput
        allowFontScaling={true}
        blurOnSubmit={false}
        onChangeText={[Function]}
        onSubmitEditing={[Function]}
        placeholder="Full Name"
        placeholderTextColor="#ACACAC"
        rejectResponderTermination={true}
        returnKeyType="next"
        style={
          Array [
            Object {
              "fontSize": 16,
            },
            undefined,
          ]
        }
        underlineColorAndroid="transparent"
        value={null}
      />
    </View>
    <View
      style={
        Array [
          Object {
            "backgroundColor": "#F2F2F2",
            "borderColor": "#E8E8E8",
            "borderRadius": 15,
            "borderWidth": 1,
            "minHeight": 48,
            "paddingLeft": 16,
          },
          undefined,
        ]
      }
    >
      <TextInput
        allowFontScaling={true}
        blurOnSubmit={false}
        keyboardType="email-address"
        onChangeText={[Function]}
        onSubmitEditing={[Function]}
        placeholder="Email"
        placeholderTextColor="#ACACAC"
        rejectResponderTermination={true}
        returnKeyType="next"
        style={
          Array [
            Object {
              "fontSize": 16,
            },
            undefined,
          ]
        }
        underlineColorAndroid="transparent"
        value={null}
      />
    </View>
    <View
      style={
        Object {
          "backgroundColor": "#F2F2F2",
          "borderColor": "#E8E8E8",
          "borderRadius": 15,
          "borderWidth": 1,
          "minHeight": 48,
          "paddingLeft": 16,
        }
      }
    >
      <TextInput
        allowFontScaling={true}
        fieldName="password"
        onChangeText={[Function]}
        onValueChange={[Function]}
        placeholder="Password"
        placeholderTextColor="#ACACAC"
        rejectResponderTermination={true}
        returnKeyType="done"
        secureTextEntry={true}
        style={
          Object {
            "fontSize": 16,
          }
        }
        underlineColorAndroid="transparent"
        value={null}
      />
      <View
        accessible={true}
        focusable={true}
        onClick={[Function]}
        onResponderGrant={[Function]}
        onResponderMove={[Function]}
        onResponderRelease={[Function]}
        onResponderTerminate={[Function]}
        onResponderTerminationRequest={[Function]}
        onStartShouldSetResponder={[Function]}
        style={
          Object {
            "alignItems": "center",
            "height": 48,
            "justifyContent": "center",
            "opacity": 1,
            "position": "absolute",
            "right": 0,
            "width": 48,
          }
        }
      >
        <Text
          allowFontScaling={false}
          style={
            Object {
              "color": "#ACACAC",
              "fontFamily": "Ionicons",
              "fontSize": 30,
              "fontStyle": "normal",
              "fontWeight": "normal",
            }
          }
          text="ionicon-ios-eye"
        />
      </View>
    </View>
    <View
      accessible={true}
      focusable={true}
      onClick={[Function]}
      onResponderGrant={[Function]}
      onResponderMove={[Function]}
      onResponderRelease={[Function]}
      onResponderTerminate={[Function]}
      onResponderTerminationRequest={[Function]}
      onStartShouldSetResponder={[Function]}
      style={
        Object {
          "alignItems": "center",
          "backgroundColor": "#008ef4",
          "borderRadius": 15,
          "color": "#FFFFFF",
          "elevation": 2,
          "height": 48,
          "justifyContent": "center",
          "opacity": 1,
          "shadowColor": "rgba(0, 0, 0, 0.8)",
          "shadowOffset": Object {
            "x": 0,
            "y": 1,
          },
          "shadowOpacity": 0.2,
          "shadowRadius": 1.41,
          "width": "100%",
        }
      }
    >
      <Text
        style={
          Array [
            Object {
              "backgroundColor": "transparent",
              "color": "#FFFFFF",
              "fontFamily": "System",
              "fontSize": 16,
              "fontWeight": "400",
              "letterSpacing": -0.32,
              "lineHeight": 21,
            },
            Object {
              "backgroundColor": "transparent",
              "fontFamily": "System",
              "fontWeight": "600",
            },
            undefined,
            undefined,
          ]
        }
      >
        SIGN UP
      </Text>
    </View>
  </View>
  <View
    style={
      Object {
        "flex": 1,
      }
    }
  >
    <View
      style={
        Object {
          "height": "100%",
          "justifyContent": "space-between",
        }
      }
    >
      <View
        style={
          Object {
            "flex": 3,
            "justifyContent": "space-evenly",
          }
        }
      >
        <View
          style={
            Array [
              Object {
                "alignItems": "center",
                "flexDirection": "row",
              },
              undefined,
            ]
          }
        >
          <View
            style={
              Object {
                "borderColor": "#707070",
                "borderWidth": 0.5,
                "flex": 1,
                "height": 0.5,
              }
            }
          />
          <Text
            style={
              Array [
                Object {
                  "backgroundColor": "transparent",
                  "color": "rgba(0,0,0,0.87)",
                  "fontFamily": "System",
                  "fontSize": 14,
                  "fontWeight": "600",
                  "letterSpacing": -0.154,
                  "lineHeight": 24,
                },
                Object {
                  "backgroundColor": "transparent",
                  "fontFamily": "System",
                  "fontWeight": "400",
                },
                Object {
                  "marginHorizontal": 10,
                },
                undefined,
              ]
            }
          >
            Or sign in with
          </Text>
          <View
            style={
              Object {
                "borderColor": "#707070",
                "borderWidth": 0.5,
                "flex": 1,
                "height": 0.5,
              }
            }
          />
        </View>
        <View
          style={
            Object {
              "flexDirection": "row",
              "justifyContent": "center",
            }
          }
        >
          <View
            accessible={true}
            focusable={true}
            onClick={[Function]}
            onResponderGrant={[Function]}
            onResponderMove={[Function]}
            onResponderRelease={[Function]}
            onResponderTerminate={[Function]}
            onResponderTerminationRequest={[Function]}
            onStartShouldSetResponder={[Function]}
            style={
              Object {
                "opacity": 1,
              }
            }
            testID="facebook-signin"
          >
            <Text
              allowFontScaling={false}
              style={
                Object {
                  "color": "#3b5998",
                  "fontFamily": "icomoon",
                  "fontSize": 33,
                  "fontStyle": "normal",
                  "fontWeight": "normal",
                }
              }
              text="kebeticon-facebook"
            />
          </View>
          <View
            accessible={true}
            focusable={true}
            onClick={[Function]}
            onResponderGrant={[Function]}
            onResponderMove={[Function]}
            onResponderRelease={[Function]}
            onResponderTerminate={[Function]}
            onResponderTerminationRequest={[Function]}
            onStartShouldSetResponder={[Function]}
            style={
              Object {
                "opacity": 1,
              }
            }
            testID="google-signin"
          >
            <Image
              source={
                Object {
                  "testUri": "../../../assets/images/google.png",
                }
              }
              style={
                Object {
                  "height": 33,
                  "marginHorizontal": 8,
                  "width": 32,
                }
              }
            />
          </View>
        </View>
      </View>
      <View
        style={
          Object {
            "alignItems": "flex-end",
            "flex": 1,
            "flexDirection": "row",
            "justifyContent": "center",
          }
        }
      >
        <Text
          style={
            Array [
              Object {
                "backgroundColor": "transparent",
                "color": "#000000",
                "fontFamily": "System",
                "fontSize": 16,
                "fontWeight": "400",
                "letterSpacing": -0.32,
                "lineHeight": 21,
              },
              Object {
                "backgroundColor": "transparent",
                "fontFamily": "System",
                "fontWeight": "300",
              },
              undefined,
              undefined,
            ]
          }
        >
          Already have an account?
        </Text>
        <Text
          style={
            Array [
              Object {
                "backgroundColor": "transparent",
                "color": "#000000",
                "fontFamily": "System",
                "fontSize": 16,
                "fontWeight": "400",
                "letterSpacing": -0.32,
                "lineHeight": 21,
              },
              Object {
                "backgroundColor": "transparent",
                "fontFamily": "System",
                "fontWeight": "300",
              },
              undefined,
              undefined,
            ]
          }
        >
           
        </Text>
        <Text
          onPress={[Function]}
          style={
            Array [
              Object {
                "backgroundColor": "transparent",
                "color": "#000000",
                "fontFamily": "System",
                "fontSize": 16,
                "fontWeight": "400",
                "letterSpacing": -0.32,
                "lineHeight": 21,
              },
              Object {
                "backgroundColor": "transparent",
                "fontFamily": "System",
                "fontWeight": "400",
              },
              undefined,
              Object {
                "color": "#008ef4",
              },
            ]
          }
        >
          Sign in
        </Text>
      </View>
    </View>
  </View>
</View>
`;
