// Jest Snapshot v1, https://goo.gl/fbAQLP

exports[`renders ImageModal 1`] = `
<View
  accessible={true}
  focusable={true}
  onClick={[Function]}
  onResponderGrant={[Function]}
  onResponderMove={[Function]}
  onResponderRelease={[Function]}
  onResponderTerminate={[Function]}
  onResponderTerminationRequest={[Function]}
  onStartShouldSetResponder={[Function]}
  style={
    Object {
      "backgroundColor": "rgba(0, 0, 0, 255)",
      "flex": 1,
      "justifyContent": "center",
    }
  }
  testID="pressable"
>
  <View
    onMoveShouldSetResponder={[Function]}
    onMoveShouldSetResponderCapture={[Function]}
    onResponderEnd={[Function]}
    onResponderGrant={[Function]}
    onResponderMove={[Function]}
    onResponderReject={[Function]}
    onResponderRelease={[Function]}
    onResponderStart={[Function]}
    onResponderTerminate={[Function]}
    onResponderTerminationRequest={[Function]}
    onStartShouldSetResponder={[Function]}
    onStartShouldSetResponderCapture={[Function]}
    style={
      Object {
        "alignItems": "center",
        "backgroundColor": "transparent",
        "height": 1334,
        "justifyContent": "center",
        "overflow": "hidden",
        "width": 750,
      }
    }
  >
    <View
      renderToHardwareTextureAndroid={true}
      style={
        Object {
          "transform": Array [
            Object {
              "scale": 1,
            },
            Object {
              "translateX": 0,
            },
            Object {
              "translateY": 0,
            },
          ],
        }
      }
    >
      <View
        onLayout={[Function]}
        style={
          Object {
            "height": 750,
            "width": 750,
          }
        }
      >
        <Image
          source={
            Object {
              "uri": "jest://fake-image.png",
            }
          }
          style={
            Object {
              "aspectRatio": 1,
            }
          }
        />
      </View>
    </View>
  </View>
</View>
`;
